OpenSTA 2.4.0 7cf916ba20 Copyright (c) 2021, Parallax Software, Inc.
License GPLv3: GNU GPL version 3 <http://gnu.org/licenses/gpl.html>

This is free software, and you are free to change and redistribute it
under certain conditions; type `show_copying' for details. 
This program comes with ABSOLUTELY NO WARRANTY; for details type `show_warranty'.
Startpoint: in3 (input port clocked by clk)
Endpoint: out1 (output port clocked by clk)
Path Group: clk
Path Type: max

  Delay    Time   Description
---------------------------------------------------------
   0.00    0.00   clock clk (rise edge)
   0.00    0.00   clock network delay (ideal)
   0.00    0.00 ^ input external delay
   0.00    0.00 ^ in3 (in)
   0.07    0.07 ^ _16_/Y (XOR2X1)
   0.05    0.11 ^ _19_/Y (XOR2X1)
   0.00    0.11 ^ out1 (out)
           0.11   data arrival time

   1.00    1.00   clock clk (rise edge)
   0.00    1.00   clock network delay (ideal)
   0.00    1.00   clock reconvergence pessimism
   0.00    1.00   output external delay
           1.00   data required time
---------------------------------------------------------
           1.00   data required time
          -0.11   data arrival time
---------------------------------------------------------
           0.89   slack (MET)


Group                          Internal          Switching            Leakage              Total
                                  Power              Power              Power              Power (Watts)
------------------------------------------------------------------------------------------------
Sequential           0.000000000000e+00 0.000000000000e+00 0.000000000000e+00 0.000000000000e+00   0.0%
Combinational        4.959350917488e-06 1.635413241274e-06 1.247282455097e-07 6.719492375851e-06 100.0%
Macro                0.000000000000e+00 0.000000000000e+00 0.000000000000e+00 0.000000000000e+00   0.0%
Pad                  0.000000000000e+00 0.000000000000e+00 0.000000000000e+00 0.000000000000e+00   0.0%
------------------------------------------------------------------------------------------------
Total                4.959350917488e-06 1.635413241274e-06 1.247282455097e-07 6.719492375851e-06 100.0%
                                  73.8%              24.3%               1.9%
